// Jest Snapshot v1, https://goo.gl/fbAQLP

exports[`buttons Renders Confirmation 1`] = `
Array [
  <div
    class="sc-hBMVcZ iZbdK"
  >
    <div
      class="sc-fnVYJo iVQQrb"
    >
      <div
        class="sc-fFSRdu jXiHeG"
      >
        <img
          alt="Digital Marketing Solutions by Yellow"
          src="test-file-stub"
        />
      </div>
      <a
        href="/"
      >
        <img
          alt="Yellow NZ"
          src="test-file-stub"
        />
         
      </a>
    </div>
    <div
      class="sc-bkbjAj hNHvBj"
    >
      <ul>
        <li
          class="sc-iemXMA cGUNux"
        >
          <a
            href="/"
          >
            Home
          </a>
        </li>
        <li
          class="sc-dlMBXb lNdUQ"
        >
          <div>
            <a
              data-ga-act="Header_Clicks"
              data-ga-cat="Navigation_Interaction"
              data-ga-lab="Products"
              href="/our-products"
            >
              Products
            </a>
            <button
              aria-label="Expand menu"
              class="sc-dlnjPT liGRPc"
            />
          </div>
          <ul>
            <li>
              <a
                data-ga-act="Header_Clicks"
                data-ga-cat="Navigation_Interaction"
                data-ga-lab="Products_Yellow_Profile"
                href="/our-products/yellow-profile/"
              >
                Yellow Profile
              </a>
            </li>
            <li>
              <a
                data-ga-act="Header_Clicks"
                data-ga-cat="Navigation_Interaction"
                data-ga-lab="Products_SEO"
                href="/our-products/seo/"
              >
                Search Engine Optimization
              </a>
            </li>
            <li>
              <a
                data-ga-act="Header_Clicks"
                data-ga-cat="Navigation_Interaction"
                data-ga-lab="Products_Adwords"
                href="/our-products/google-search-ads/"
              >
                Google Search Ads
              </a>
            </li>
            <li>
              <a
                data-ga-act="Header_Clicks"
                data-ga-cat="Navigation_Interaction"
                data-ga-lab="Products_Display_Advertising"
                href="/our-products/google-display-ads/"
              >
                Google Display Ads
              </a>
            </li>
            <li>
              <a
                data-ga-act="Header_Clicks"
                data-ga-cat="Navigation_Interaction"
                data-ga-lab="Products_Facebook_Adwords"
                href="/our-products/facebook-ads/"
              >
                Facebook Ads
              </a>
            </li>
            <li>
              <a
                data-ga-act="Header_Clicks"
                data-ga-cat="Navigation_Interaction"
                data-ga-lab="Products_Marketing_Automation"
                href="/our-products/marketing-automation/"
              >
                Marketing Automation & CRM
              </a>
            </li>
            <li>
              <a
                data-ga-act="Header_Clicks"
                data-ga-cat="Navigation_Interaction"
                data-ga-lab="Products_Yellow_Pages"
                href="/our-products/yellow-pages/"
              >
                Yellow Pages
              </a>
            </li>
            <li>
              <a
                data-ga-act="Header_Clicks"
                data-ga-cat="Navigation_Interaction"
                data-ga-lab="Products_White_Pages"
                href="/our-products/white-pages/"
              >
                White Pages
              </a>
            </li>
          </ul>
        </li>
        <li
          class="sc-dlMBXb lNdUQ"
        >
          <div>
            <a
              data-ga-act="Header_Clicks"
              data-ga-cat="Navigation_Interaction"
              data-ga-lab="Resources"
              href="/resources/"
            >
              Resources
            </a>
            <button
              aria-label="Expand menu"
              class="sc-dlnjPT liGRPc"
            />
          </div>
          <ul>
            <li>
              <a
                data-ga-act="Header_Clicks"
                data-ga-cat="Navigation_Interaction"
                data-ga-lab="Customer_Stories"
                href="/resources/customer-stories/"
              >
                Customer Stories
              </a>
            </li>
            <li>
              <a
                data-ga-act="Header_Clicks"
                data-ga-cat="Navigation_Interaction"
                data-ga-lab="Resources_Tips_and_Tools"
                href="/resources/tips-and-tools/"
              >
                Tips and Tools
              </a>
            </li>
            <li>
              <a
                data-ga="track"
                data-ga-act="Header_Clicks"
                data-ga-cat="Navigation_Interaction"
                data-ga-lab="Resources_ebook"
                href="/resources/yellow-ebook/"
              >
                Yellow eBook
              </a>
            </li>
            <li>
              <a
                data-ga-act="Header_Clicks"
                data-ga-cat="Navigation_Interaction"
                data-ga-lab="FAQ"
                href="https://hub.yellow.co.nz/knowledge/faq"
                rel="noopener noreferrer"
                target="_blank"
              >
                FAQ
              </a>
            </li>
            <li>
              <a
                data-ga-act="Header_Clicks"
                data-ga-cat="Navigation_Interaction"
                data-ga-lab="Resources_Flybuys"
                href="/resources/flybuys/"
              >
                Flybuys
              </a>
            </li>
          </ul>
        </li>
        <li
          class="sc-dlMBXb lNdUQ"
        >
          <div>
            <a
              data-ga-act="Header_Clicks"
              data-ga-cat="Navigation_Interaction"
              data-ga-lab="About Yellow"
              href="/company/about-us/"
            >
              About Yellow
            </a>
            <button
              aria-label="Expand menu"
              class="sc-dlnjPT liGRPc"
            />
          </div>
          <ul>
            <li>
              <a
                data-ga-act="Header_Clicks"
                data-ga-cat="Navigation_Interaction"
                data-ga-lab="Our_Team"
                href="/company/about-us/"
              >
                Our team
              </a>
            </li>
            <li>
              <a
                data-ga-act="Header_Clicks"
                data-ga-cat="Navigation_Interaction"
                data-ga-lab="Careers"
                href="/company/careers/"
              >
                Careers
              </a>
            </li>
            <li>
              <a
                data-ga-act="Header_Clicks"
                data-ga-cat="Navigation_Interaction"
                data-ga-lab="Contact_Us"
                href="/company/contact-us/"
              >
                Contact us
              </a>
            </li>
          </ul>
        </li>
        <li
          class="sc-iemXMA cGUNux"
        >
          <a
            href="/find-a-business/"
          >
            <span
              class="sc-dIvqjp emwODp"
            >
              Find a Business
            </span>
          </a>
        </li>
      </ul>
      <ul
        class="sc-kfYqjs gBXWRw"
      >
        <li>
          <button
            class="sc-dlnjPT liGRPc sc-iwaifL vHyDA"
          >
            <svg
              fill="none"
              viewBox="0 0 30 30"
              xmlns="http://www.w3.org/2000/svg"
            >
              <path
                d="M25.6059 4.39361C22.7729 1.56001 19.0062 0 14.9994 0C10.9926 0 7.22642 1.56001 4.39352 4.39361C1.55998 7.22658 0 10.9934 0 14.9997C0 19.006 1.55998 22.7728 4.39352 25.6064C7.22642 28.4394 10.9932 30 15 30C19.0068 30 22.773 28.44 25.6065 25.6064C28.4394 22.7734 30 19.0066 30 14.9997C30 10.9928 28.4388 7.22658 25.6059 4.39361ZM22.9328 25.4416C20.7279 27.1207 17.9783 28.1191 14.9994 28.1191C12.0204 28.1191 9.27025 27.1207 7.06598 25.4409C6.70497 25.1658 6.54891 24.6926 6.69369 24.262C7.46522 21.9605 9.3135 20.0971 11.687 19.184C12.0066 19.0611 12.0699 18.6324 11.7929 18.4312C10.4228 17.4365 9.52973 15.822 9.52973 14.0025C9.52973 10.9144 12.1019 8.41617 15.2162 8.53651C18.1375 8.64995 20.469 11.078 20.4696 14.0013C20.4703 15.8207 19.5772 17.4353 18.2065 18.4306C17.9294 18.6318 17.9927 19.0605 18.3124 19.1833C20.6777 20.0934 22.521 21.9467 23.2975 24.2369C23.4461 24.6769 23.3013 25.1608 22.9328 25.4416Z"
                fill="#A5AAB4"
              />
            </svg>
            Sign in
          </button>
        </li>
        <li>
          <div>
            <a
              href="tel:0800803803"
            >
              <img
                alt="Expand menu"
                src="test-file-stub"
              />
              Call us
            </a>
          </div>
        </li>
      </ul>
      <div
        class="sc-bCwgka okBeA"
      >
        <h3>
          Follow us
        </h3>
        <ul>
          <li>
            <a
              data-ga="track"
              data-ga-act="Facebook"
              data-ga-cat="Follow_Us"
              data-ga-lab="Facebook"
              href="//www.facebook.com/yellownz"
              rel="noopener noreferrer"
              target="_blank"
              title="Follow us on Facebook"
            >
              <img
                alt="Facebook"
                src="test-file-stub"
              />
            </a>
          </li>
          <li>
            <a
              data-ga="track"
              data-ga-act="Twitter"
              data-ga-cat="Follow_Us"
              data-ga-lab="Twitter"
              href="//twitter.com/yellownz"
              rel="noopener noreferrer"
              target="_blank"
              title="Follow us on Twitter"
            >
              <img
                alt="Twitter"
                src="test-file-stub"
              />
            </a>
          </li>
          <li>
            <a
              data-ga="track"
              data-ga-act="LinkedIn"
              data-ga-cat="Follow_Us"
              data-ga-lab="LinkedIn"
              href="//www.linkedin.com/company/yellow-new-zealand"
              rel="noopener noreferrer"
              target="_blank"
              title="Follow us on LinkedIn"
            >
              <img
                alt="LinkedIn"
                src="test-file-stub"
              />
            </a>
          </li>
          <li>
            <a
              data-ga="track"
              data-ga-act="Youtube"
              data-ga-cat="Follow_Us"
              data-ga-lab="Youtube"
              href="//www.youtube.com/user/yellowbiznz"
              rel="noopener noreferrer"
              target="_blank"
              title="Follow us on Youtube"
            >
              <img
                alt="YouTube"
                src="test-file-stub"
              />
            </a>
          </li>
          <li>
            <a
              data-ga="track"
              data-ga-act="Maps"
              data-ga-cat="Follow_Us"
              data-ga-lab="Maps"
              href="https://www.google.co.nz/maps/place/Yellow/@-36.897607,174.8006043,17z/data=!3m1!4b1!4m5!3m4!1s0x6d0d48ef0f099ad1:0xbabdfef7f73a92a5!8m2!3d-36.897607!4d174.802793"
              rel="noopener noreferrer"
              target="_blank"
              title="Google Maps"
            >
              <img
                alt="Google"
                src="test-file-stub"
              />
            </a>
          </li>
        </ul>
      </div>
    </div>
  </div>,
  <div
    class="sc-bdnylx sc-lmgQde kfHHiO hbMDAh"
  >
    <div
      class="sc-cxNIbT cWFJbw"
    >
      <button
        class="sc-dlnjPT liGRPc"
      >
        Skip to main content
      </button>
    </div>
    <div
      class="sc-bdnylx sc-gtssRu sc-giAqnE dnYBaK kyjsSx dPBXdQ"
      width="1,33.75rem,43.75rem,58.75rem,73.75rem,90.00rem"
    >
      <a
        href="/"
      >
        <img
          alt="Yellow"
          src="https://cdn11.bigcommerce.com/s-npte00i8ef/stencil/4a56d7a0-2da2-0137-892b-0242ac110005/e/2ebf55a0-80d9-0136-d2c6-7fd6dfdde2be/img/header-footer/yellow-logo.svg"
        />
      </a>
      <ul
        class="sc-bdnylx sc-gtssRu sc-iJCRLp dhteoD kyjsSx gkoQmp"
      >
        <li>
          <a
            class="sc-kLokih fpcqPB"
            href="/our-products/"
          >
            Products
            <img
              alt=""
              class="pointer"
              css="[object Object]"
              src="test-file-stub"
            />
          </a>
          <div
            class="sc-iklIKw japDYA"
          >
            <div
              class="sc-bdnylx sc-gtssRu llWFtj kyjsSx ProductMenuFlex"
              width="1,33.75rem,43.75rem,58.75rem,73.75rem,90.00rem"
            >
              <ul>
                <li>
                  <p>
                    Get Online
                  </p>
                </li>
                <li>
                  <a
                    data-ga-act="Header_Clicks"
                    data-ga-cat="Navigation_Interaction"
                    data-ga-lab="Products_Yellow_Profile"
                    href="/our-products/yellow-profile/"
                  >
                    Yellow Profile
                  </a>
                </li>
                <li>
                  <a
                    data-ga-act="Header_Clicks"
                    data-ga-cat="Navigation_Interaction"
                    data-ga-lab="Products_SEO"
                    href="/our-products/seo/"
                  >
                    Search Engine Optimisation
                  </a>
                </li>
              </ul>
              <ul>
                <li>
                  <p>
                    Get More Customers
                  </p>
                </li>
                <li>
                  <a
                    data-ga-act="Header_Clicks"
                    data-ga-cat="Navigation_Interaction"
                    data-ga-lab="Products_Adwords"
                    href="/our-products/google-search-ads/"
                  >
                    Google Search Ads
                  </a>
                </li>
                <li>
                  <a
                    data-ga-act="Header_Clicks"
                    data-ga-cat="Navigation_Interaction"
                    data-ga-lab="Products_Display_Advertising"
                    href="/our-products/google-display-ads/"
                  >
                    Google Display Ads
                  </a>
                </li>
                <li>
                  <a
                    data-ga-act="Header_Clicks"
                    data-ga-cat="Navigation_Interaction"
                    data-ga-lab="Products_Facebook_Adwords"
                    href="/our-products/facebook-ads/"
                  >
                    Facebook Ads
                  </a>
                </li>
              </ul>
              <ul>
                <li>
                  <p>
                    Do Business Better
                  </p>
                </li>
                <li>
                  <a
                    data-ga-act="Header_Clicks"
                    data-ga-cat="Navigation_Interaction"
                    data-ga-lab="Products_Marketing_Automation"
                    href="/our-products/marketing-automation/"
                  >
                    Marketing Automation & CRM
                  </a>
                </li>
              </ul>
              <ul>
                <li>
                  <p>
                    Print Directories
                  </p>
                </li>
                <li>
                  <a
                    data-ga-act="Header_Clicks"
                    data-ga-cat="Navigation_Interaction"
                    data-ga-lab="Products_Yellow_Pages"
                    href="/our-products/yellow-pages/"
                  >
                    Yellow Pages
                  </a>
                </li>
                <li>
                  <a
                    data-ga-act="Header_Clicks"
                    data-ga-cat="Navigation_Interaction"
                    data-ga-lab="Products_White_Pages"
                    href="/our-products/white-pages/"
                  >
                    White Pages
                  </a>
                </li>
              </ul>
            </div>
          </div>
        </li>
        <li>
          <a
            class="sc-kLokih fpcqPB"
            href="/resources/"
          >
            Resources
            <img
              alt=""
              class="pointer"
              css="[object Object]"
              src="test-file-stub"
            />
          </a>
          <div
            class="sc-iklIKw jwbMIR"
          >
            <div
              class="sc-bdnylx sc-gtssRu llWFtj kyjsSx ProductMenuFlex"
              width="1,33.75rem,43.75rem,58.75rem,73.75rem,90.00rem"
            >
              <ul>
                <li>
                  <a
                    data-ga-act="Header_Clicks"
                    data-ga-cat="Navigation_Interaction"
                    data-ga-lab="Resources_Customer_Stories"
                    href="/resources/customer-stories/"
                  >
                    Customer Stories
                  </a>
                </li>
                <li>
                  <a
                    data-ga-act="Header_Clicks"
                    data-ga-cat="Navigation_Interaction"
                    data-ga-lab="Resources_Tips_and_Tools"
                    href="/resources/tips-and-tools/"
                  >
                    Tips and Tools
                  </a>
                </li>
                <li>
                  <a
                    data-ga="track"
                    data-ga-act="Header_Clicks"
                    data-ga-cat="Navigation_Interaction"
                    data-ga-lab="Resources_ebook"
                    href="/resources/yellow-ebook/"
                  >
                    Yellow eBook
                  </a>
                </li>
                <li>
                  <a
                    data-ga-act="Header_Clicks"
                    data-ga-cat="Navigation_Interaction"
                    data-ga-lab="Resources_Knowledge_Base"
                    href="https://hub.yellow.co.nz/knowledge/faq"
                    rel="noopener noreferrer"
                    target="_blank"
                  >
                    FAQ
                  </a>
                </li>
                <li>
                  <a
                    data-ga-act="Header_Clicks"
                    data-ga-cat="Navigation_Interaction"
                    data-ga-lab="Resources_Flybuys"
                    href="/resources/flybuys/"
                  >
                    Flybuys
                  </a>
                </li>
              </ul>
            </div>
          </div>
        </li>
        <li>
          <a
            class="sc-kLokih fpcqPB"
            href="/company/about-us/"
          >
            About Yellow
            <img
              alt=""
              class="pointer"
              css="[object Object]"
              src="test-file-stub"
            />
          </a>
          <div
            class="sc-iklIKw cVyRWb"
          >
            <div
              class="sc-bdnylx sc-gtssRu llWFtj kyjsSx ProductMenuFlex"
              width="1,33.75rem,43.75rem,58.75rem,73.75rem,90.00rem"
            >
              <ul>
                <li>
                  <a
                    data-ga-act="Header_Clicks"
                    data-ga-cat="Navigation_Interaction"
                    data-ga-lab="About_Our_team"
                    href="/company/about-us/"
                  >
                    Our Team
                  </a>
                </li>
                <li>
                  <a
                    data-ga-act="Header_Clicks"
                    data-ga-cat="Navigation_Interaction"
                    data-ga-lab="About_Careers"
                    href="/company/careers/"
                  >
                    Careers
                  </a>
                </li>
                <li>
                  <a
                    data-ga-act="Header_Clicks"
                    data-ga-cat="Navigation_Interaction"
                    data-ga-lab="About_Contact_Us"
                    href="/company/contact-us/"
                  >
                    Contact Us
                  </a>
                </li>
              </ul>
            </div>
          </div>
        </li>
        <li>
          <a
            class="sc-dlnjPT liGRPc sc-ezzayL fJuNId"
            href="/find-a-business/"
          >
            <svg
              aria-hidden="true"
              class="svg-inline--fa fa-search fa-w-16 fa-sm "
              data-icon="search"
              data-prefix="fas"
              focusable="false"
              role="img"
              viewBox="0 0 512 512"
              xmlns="http://www.w3.org/2000/svg"
            >
              <path
                d="M505 442.7L405.3 343c-4.5-4.5-10.6-7-17-7H372c27.6-35.3 44-79.7 44-128C416 93.1 322.9 0 208 0S0 93.1 0 208s93.1 208 208 208c48.3 0 92.7-16.4 128-44v16.3c0 6.4 2.5 12.5 7 17l99.7 99.7c9.4 9.4 24.6 9.4 33.9 0l28.3-28.3c9.4-9.4 9.4-24.6.1-34zM208 336c-70.7 0-128-57.2-128-128 0-70.7 57.2-128 128-128 70.7 0 128 57.2 128 128 0 70.7-57.2 128-128 128z"
                fill="currentColor"
              />
            </svg>
            <div
              class="css-1k3micg"
            >
              Find a business
            </div>
          </a>
        </li>
        <li
          class="sc-bYwzba gzLpPq"
        />
        <li>
          <a
            class="sc-kLokih sc-gXfWUo fpcqPB inbPGb"
            href="/"
          >
            Sign up
          </a>
        </li>
        <li>
          <button
            class="sc-dlnjPT liGRPc sc-gKAblj sGyOY"
          >
            <svg
              fill="none"
              viewBox="0 0 30 30"
              xmlns="http://www.w3.org/2000/svg"
            >
              <path
                d="M25.6059 4.39361C22.7729 1.56001 19.0062 0 14.9994 0C10.9926 0 7.22642 1.56001 4.39352 4.39361C1.55998 7.22658 0 10.9934 0 14.9997C0 19.006 1.55998 22.7728 4.39352 25.6064C7.22642 28.4394 10.9932 30 15 30C19.0068 30 22.773 28.44 25.6065 25.6064C28.4394 22.7734 30 19.0066 30 14.9997C30 10.9928 28.4388 7.22658 25.6059 4.39361ZM22.9328 25.4416C20.7279 27.1207 17.9783 28.1191 14.9994 28.1191C12.0204 28.1191 9.27025 27.1207 7.06598 25.4409C6.70497 25.1658 6.54891 24.6926 6.69369 24.262C7.46522 21.9605 9.3135 20.0971 11.687 19.184C12.0066 19.0611 12.0699 18.6324 11.7929 18.4312C10.4228 17.4365 9.52973 15.822 9.52973 14.0025C9.52973 10.9144 12.1019 8.41617 15.2162 8.53651C18.1375 8.64995 20.469 11.078 20.4696 14.0013C20.4703 15.8207 19.5772 17.4353 18.2065 18.4306C17.9294 18.6318 17.9927 19.0605 18.3124 19.1833C20.6777 20.0934 22.521 21.9467 23.2975 24.2369C23.4461 24.6769 23.3013 25.1608 22.9328 25.4416Z"
                fill="#A5AAB4"
              />
            </svg>
            Sign in
          </button>
        </li>
      </ul>
    </div>
    <div
      tabindex="-1"
    />
  </div>,
  <div
    class="notification-container notification-container-empty"
  >
    <div />
  </div>,
  <section
    class="sc-bdnylx sc-csTaMs sc-bsatbK llWFtj jzPCWO bObdos"
    width="1,33.75rem,43.75rem,58.75rem,73.75rem,90.00rem"
  >
    <div
      class="sc-bqGHjH gkmdUT"
    >
      <svg
        aria-labelledby="title"
        aria-live="polite"
        class="sc-ksluoS ggvazT"
        height="32"
        role="img"
        speed="560"
        viewBox="0 0 32 32"
        width="32"
      >
        <title
          id="title"
        >
          Loading content
        </title>
        <desc
          id="desc"
        >
          Image of a partial circle indicating loading.
        </desc>
        <circle
          cx="16"
          cy="16"
          fill="none"
          r="12.5"
          role="presentation"
          stroke="rgba(0,0,0,0.4)"
          stroke-dasharray="43.982297150257104"
          stroke-linecap="round"
          stroke-width="3"
        />
      </svg>
    </div>
  </section>,
  <footer
    class="sc-kHWWFa gNzSyq"
  >
    <footer
      class="sc-bdnylx sc-gsWdvU llWFtj kQlOcN"
      width="1,33.75rem,43.75rem,58.75rem,73.75rem,90.00rem"
    >
      <div
        class="sc-bdnylx sc-gtssRu sc-bXevSJ jbDPXo kyjsSx hFEYAj"
      >
        <ul
          class="sc-bdnylx sc-eGJXgd kfHHiO fNizAy"
        >
          <li>
            <h3>
              Services
            </h3>
          </li>
          <li>
            <a
              data-ga="track"
              data-ga-act="Footer_Clicks"
              data-ga-cat="Navigation_Interaction"
              data-ga-lab="Services_Yellow_Profile"
              href="/our-products/yellow-profile/"
            >
              Yellow Profile
            </a>
          </li>
          <li>
            <a
              data-ga="track"
              data-ga-act="Footer_Clicks"
              data-ga-cat="Navigation_Interaction"
              data-ga-lab="Services_Search_Engine_Optimisation"
              href="/our-products/seo/"
            >
              Search Engine Optimisation
            </a>
          </li>
          <li>
            <a
              data-ga="track"
              data-ga-act="Footer_Clicks"
              data-ga-cat="Navigation_Interaction"
              data-ga-lab="Services_Google_AdWords"
              href="/our-products/google-search-ads/"
            >
              Google Search Ads
            </a>
          </li>
          <li>
            <a
              data-ga="track"
              data-ga-act="Footer_Clicks"
              data-ga-cat="Navigation_Interaction"
              data-ga-lab="Services_Display_Advertising"
              href="/our-products/google-display-ads/"
            >
              Google Display Ads
            </a>
          </li>
          <li>
            <a
              data-ga="track"
              data-ga-act="Footer_Clicks"
              data-ga-cat="Navigation_Interaction"
              data-ga-lab="Services_Facebook_Content"
              href="/our-products/facebook-ads/"
            >
              Facebook Ads
            </a>
          </li>
          <li>
            <a
              data-ga="track"
              data-ga-act="Footer_Clicks"
              data-ga-cat="Navigation_Interaction"
              data-ga-lab="Services_Marketing_Automation"
              href="/our-products/marketing-automation/"
            >
              Marketing Automation & CRM
            </a>
          </li>
          <li>
            <a
              data-ga="track"
              data-ga-act="Footer_Clicks"
              data-ga-cat="Navigation_Interaction"
              data-ga-lab="Services_Yellow_Pages"
              href="/our-products/yellow-pages/"
            >
              Yellow Pages
            </a>
          </li>
          <li>
            <a
              data-ga="track"
              data-ga-act="Footer_Clicks"
              data-ga-cat="Navigation_Interaction"
              data-ga-lab="Services_White_Pages"
              href="/our-products/white-pages/"
            >
              White Pages
            </a>
          </li>
        </ul>
        <ul
          class="sc-bdnylx kfHHiO"
        >
          <li>
            <h3>
              Sites
            </h3>
          </li>
          <li>
            <a
              data-ga="track"
              data-ga-act="Footer_Clicks"
              data-ga-cat="Navigation_Interaction"
              data-ga-lab="Our_sites_White"
              href="https://whitepages.co.nz/"
              rel="noopener noreferrer"
              target="_blank"
            >
              White
            </a>
          </li>
          <li>
            <a
              data-ga="track"
              data-ga-act="Footer_Clicks"
              data-ga-cat="Navigation_Interaction"
              data-ga-lab="Our_sites_Finda"
              href="https://www.finda.co.nz/"
              rel="noopener noreferrer"
              target="_blank"
            >
              Finda
            </a>
          </li>
          <li>
            <a
              data-ga="track"
              data-ga-act="Footer_Clicks"
              data-ga-cat="Navigation_Interaction"
              data-ga-lab="Our_sites_Menus"
              href="https://www.menus.co.nz/"
              rel="noopener noreferrer"
              target="_blank"
            >
              Menus
            </a>
          </li>
          <li>
            <a
              data-ga="track"
              data-ga-act="Footer_Clicks"
              data-ga-cat="Navigation_Interaction"
              data-ga-lab="Our_sites_NZ_Tourism_Guide"
              href="https://www.tourism.net.nz/"
              rel="noopener noreferrer"
              target="_blank"
            >
              NZ Tourism Guide
            </a>
          </li>
          <li>
            <a
              data-ga="track"
              data-ga-act="Footer_Clicks"
              data-ga-cat="Navigation_Interaction"
              data-ga-lab="Our_sites_Call_018"
              href="https://yellow.co.nz/018/"
              rel="noopener noreferrer"
              target="_blank"
            >
              Call 018
            </a>
          </li>
        </ul>
        <ul
          class="sc-bdnylx sc-eGJXgd kfHHiO fNizAy"
        >
          <li>
            <h3>
              Resources
            </h3>
          </li>
          <li>
            <a
              data-ga="track"
              data-ga-act="Footer_Clicks"
              data-ga-cat="Navigation_Interaction"
              data-ga-lab="Clients_Customer_Stories"
              href="/resources/customer-stories/"
            >
              Customer Stories
            </a>
          </li>
          <li>
            <a
              data-ga="track"
              data-ga-act="Footer_Clicks"
              data-ga-cat="Navigation_Interaction"
              data-ga-lab="Tips and Tools"
              href="/resources/tips-and-tools/"
            >
              Tips and Tools
            </a>
          </li>
          <li>
            <a
              data-ga="track"
              data-ga-act="Footer_Clicks"
              data-ga-cat="Navigation_Interaction"
              data-ga-lab="Ebook"
              href="/resources/yellow-ebook/"
            >
              Yellow eBook
            </a>
          </li>
          <li>
            <a
              data-ga="track"
              data-ga-act="Footer_Clicks"
              data-ga-cat="Navigation_Interaction"
              data-ga-lab="FAQ"
              href="https://hub.yellow.co.nz/knowledge/faq"
            >
              FAQ
            </a>
          </li>
          <li>
            <a
              data-ga="track"
              data-ga-act="Header_Clicks"
              data-ga-cat="Navigation_Interaction"
              data-ga-lab="Resources_Flybuys"
              href="/resources/flybuys/"
            >
              Flybuys
            </a>
          </li>
        </ul>
        <ul
          class="sc-bdnylx sc-eGJXgd kfHHiO fNizAy"
        >
          <li>
            <h3>
              Company
            </h3>
          </li>
          <li>
            <a
              data-ga="track"
              data-ga-act="Footer_Clicks"
              data-ga-cat="Navigation_Interaction"
              data-ga-lab="Our_Team"
              href="/company/about-us/"
            >
              Our Team
            </a>
          </li>
          <li>
            <a
              data-ga="track"
              data-ga-act="Footer_Clicks"
              data-ga-cat="Navigation_Interaction"
              data-ga-lab="Careers"
              href="/company/careers/"
            >
              Careers
            </a>
          </li>
          <li>
            <a
              data-ga="track"
              data-ga-act="Footer_Clicks"
              data-ga-cat="Navigation_Interaction"
              data-ga-lab="Contact_Us"
              href="/company/contact-us/"
            >
              Contact Us
            </a>
          </li>
        </ul>
      </div>
      <div
        class="sc-bdnylx sc-dsXyEt iLRdax vAFoz"
      >
        <div
          class="sc-bdnylx sc-gtssRu sc-fcmNTy kfHHiO kyjsSx oEtUq"
        >
          <ul
            class="sc-bdnylx sc-jUfxsr kfHHiO kTqhPP"
          >
            <li>
              <a
                class="sc-daBvwG dnfQhl contact-list-link phone"
                data-ga="track"
                data-ga-act="Footer_Clicks"
                data-ga-cat="Navigation_Interaction"
                data-ga-lab="Contact_0800_803_803"
                href="tel:0800803803"
              >
                0800 803 803
              </a>
            </li>
            <li>
              <a
                class="sc-daBvwG dnfQhl contact-list-link email"
                data-ga="track"
                data-ga-act="Footer_Clicks"
                data-ga-cat="Navigation_Interaction"
                data-ga-lab="Contact_Help_Email"
                href="mailto:care@yellow.co.nz"
              >
                care@yellow.co.nz
              </a>
            </li>
          </ul>
          <button
            aria-label="Women’s Refuge"
            style="display:inline-block;margin:0;padding:0;border:none;-webkit-appearance:none;-moz-appearance:none;appearance:none;background:none;cursor:pointer;opacity:1"
            type="button"
          >
            <svg
              height="32"
              viewBox="0 0 192 192"
              width="32"
            >
              <circle
                cx="96"
                cy="96"
                fill="#445e5c"
                r="96"
              />
              <circle
                cx="96"
                cy="95"
                fill="#fff"
                r="87"
              />
              <path
                d="M96 11a84 84 0 000 168z"
                fill="#445e5c"
              />
              <g
                fill="none"
                stroke="#fff"
                stroke-linecap="round"
                stroke-width="3"
              >
                <path
                  d="M96 50.5H48a2.5 2.5 0 00-2.5 2.5v70a2.5 2.5 0 002.5 2.5h48"
                  stroke-dasharray="6"
                />
                <path
                  d="M99.76 135.5h-43a2 2 0 00-1.76 1.11l-4 8a2 2 0 00.08 1.94c.37.6 1 .95 3.71.95h44.79"
                  stroke-dasharray="7 6"
                />
              </g>
              <g
                fill="none"
                stroke="#445e5c"
              >
                <path
                  d="M96 52h47a1 1 0 011 1v70a1 1 0 01-1 1H96"
                  stroke-width="6"
                />
                <path
                  d="M96 135.5h39a2 2 0 011.79 1.11l4 8a2 2 0 01-1.79 2.89H96"
                  stroke-width="3"
                />
                <path
                  d="M96 141h43m-37-5v5m8.5-5l.5 5m8-5l1 5m7-5l4 11"
                  stroke-width="2"
                />
              </g>
            </svg>
          </button>
        </div>
        <ul
          class="sc-bdnylx sc-gtssRu sc-hOPghE liPZie kyjsSx ekjiWq"
        >
          <li>
            Follow us
          </li>
          <li>
            <a
              data-ga="track"
              data-ga-act="Footer_Clicks"
              data-ga-cat="Navigation_Interaction"
              data-ga-lab="Social_Facebook"
              href="https://www.facebook.com/yellownz"
              rel="noopener noreferrer"
              target="_blank"
            >
              <img
                alt="Facebook"
                src="test-file-stub"
              />
            </a>
          </li>
          <li>
            <a
              data-ga="track"
              data-ga-act="Footer_Clicks"
              data-ga-cat="Navigation_Interaction"
              data-ga-lab="Social_Twitter"
              href="https://twitter.com/yellownz"
              rel="noopener noreferrer"
              target="_blank"
            >
              <img
                alt="Twitter"
                src="test-file-stub"
              />
            </a>
          </li>
          <li>
            <a
              data-ga="track"
              data-ga-act="Footer_Clicks"
              data-ga-cat="Navigation_Interaction"
              data-ga-lab="Social_LinkedIn"
              href="https://www.linkedin.com/company/yellow-new-zealand"
              rel="noopener noreferrer"
              target="_blank"
            >
              <img
                alt="LinkedIn"
                src="test-file-stub"
              />
            </a>
          </li>
          <li>
            <a
              data-ga="track"
              data-ga-act="Footer_Clicks"
              data-ga-cat="Navigation_Interaction"
              data-ga-lab="Social_YouTube"
              href="https://www.youtube.com/user/yellowbiznz"
              rel="noopener noreferrer"
              target="_blank"
            >
              <img
                alt="YouTube"
                src="test-file-stub"
              />
            </a>
          </li>
          <li>
            <a
              data-ga="track"
              data-ga-act="Footer_Clicks"
              data-ga-cat="Navigation_Interaction"
              data-ga-lab="Social_GoogleMaps"
              href="https://www.google.co.nz/maps/place/Yellow/@-36.897607,174.8006043,17z/data=!3m1!4b1!4m5!3m4!1s0x6d0d48ef0f099ad1:0xbabdfef7f73a92a5!8m2!3d-36.897607!4d174.802793"
              rel="noopener noreferrer"
              target="_blank"
            >
              <img
                alt="Google"
                src="test-file-stub"
              />
            </a>
          </li>
        </ul>
      </div>
      <div
        class="sc-bdnylx sc-fuIRbl dkYXpj hgsgdi"
      >
        The Yellow name and associated names and logos are trade marks of Yellow or its affiliates. All rights reserved.
        <ul
          class="sc-bdnylx sc-gtssRu sc-jQAyEw kQUsip kyjsSx aqTaA"
        >
          <li>
            <a
              data-ga="track"
              data-ga-act="Footer_Clicks"
              data-ga-cat="Navigation_Interaction"
              data-ga-lab="T&Cs_Privacy_policy"
              href="/terms/privacy-policy/"
            >
              Privacy policy
            </a>
          </li>
          <li>
            <a
              data-ga="track"
              data-ga-act="Footer_Clicks"
              data-ga-cat="Navigation_Interaction"
              data-ga-lab="T&Cs_Legal"
              href="/terms/"
            >
              Legal
            </a>
          </li>
        </ul>
      </div>
    </footer>
  </footer>,
]
`;
