// Jest Snapshot v1, https://goo.gl/fbAQLP

exports[`Image upload area matches snapshot 1`] = `
<ImageUploadArea
  onFilesSelected={[Function]}
>
  <div
    className="w-full h-11 bg-violet-100 text-violet-500 hover:text-violet-600 rounded-md flex flex-col items-center justify-center space-y-2 border-dashed border-2 border-violet-300 cursor-pointer text-xs sm:text-base"
    onBlur={[Function]}
    onClick={[Function]}
    onDragEnter={[Function]}
    onDragLeave={[Function]}
    onDragOver={[Function]}
    onDrop={[Function]}
    onFocus={[Function]}
    onKeyDown={[Function]}
    tabIndex={0}
  >
    <input
      accept="image/jpeg, image/png"
      autoComplete="off"
      multiple={true}
      onChange={[Function]}
      onClick={[Function]}
      style={
        Object {
          "display": "none",
        }
      }
      tabIndex={-1}
      type="file"
    />
    <img
      alt="Upload"
      src="test-file-stub"
    />
    <div
      className="mt-3 mb-1 text-center"
    >
      <strong>
        Upload 
        a photo
      </strong>
       or drag and drop
    </div>
    <div
      className="text-violet-400 text-center"
    >
      PNG, JPG up to 
      2
      MB
    </div>
  </div>
</ImageUploadArea>
`;
