// Jest Snapshot v1, https://goo.gl/fbAQLP

exports[`ChooseImage renders existing image 1`] = `"w-full h-full object-cover rounded-md false"`;
